// Jest Snapshot v1, https://goo.gl/fbAQLP

exports[`App component renders App 1`] = `
<form
  onSubmit={[Function]}
>
  <label>
    Title:
     
    <input
      name="title"
      onChange={[Function]}
      type="text"
      value="My Title"
    />
  </label>
  <label>
    Body:
     
    <input
      name="body"
      onChange={[Function]}
      type="text"
      value="My really good note"
    />
  </label>
  <button>
    Submit
  </button>
</form>
`;
